{
    "anatomical_segmentation - freesurferseg": {
        "content": [
            {
                "0": [
                    
                ],
                "1": [
                    
                ],
                "2": [
                    
                ],
                "3": [
                    
                ],
                "4": [
                    
                ],
                "5": [
                    
                ],
                "6": [
                    [
                        {
                            "id": "test"
                        },
                        "test__mask_wm.nii.gz:md5,0ed4a06defc512b1b898d6e0c3ef678a"
                    ]
                ],
                "7": [
                    [
                        {
                            "id": "test"
                        },
                        "test__mask_gm.nii.gz:md5,a363d6207419b08346a7c05c6525430e"
                    ]
                ],
                "8": [
                    [
                        {
                            "id": "test"
                        },
                        "test__mask_csf.nii.gz:md5,3dbcb3eefb507bedab91fb80ed636f36"
                    ]
                ],
                "9": [
                    "versions.yml:md5,18dfcb72144006d4f3e2afc759d2ee6b"
                ],
                "csf_map": [
                    
                ],
                "csf_mask": [
                    
                ],
                "fs_csf_mask": [
                    [
                        {
                            "id": "test"
                        },
                        "test__mask_csf.nii.gz:md5,3dbcb3eefb507bedab91fb80ed636f36"
                    ]
                ],
                "fs_gm_mask": [
                    [
                        {
                            "id": "test"
                        },
                        "test__mask_gm.nii.gz:md5,a363d6207419b08346a7c05c6525430e"
                    ]
                ],
                "fs_wm_mask": [
                    [
                        {
                            "id": "test"
                        },
                        "test__mask_wm.nii.gz:md5,0ed4a06defc512b1b898d6e0c3ef678a"
                    ]
                ],
                "gm_map": [
                    
                ],
                "gm_mask": [
                    
                ],
                "versions": [
                    "versions.yml:md5,18dfcb72144006d4f3e2afc759d2ee6b"
                ],
                "wm_map": [
                    
                ],
                "wm_mask": [
                    
                ]
            }
        ],
        "meta": {
            "nf-test": "0.9.0-rc1",
            "nextflow": "24.04.4"
        },
        "timestamp": "2024-09-16T04:45:35.614648"
    },
    "anatomical_segmentation - fslfast": {
        "content": [
            {
                "0": [
                    [
                        {
                            "id": "test"
                        },
                        "test__mask_wm.nii.gz:md5,98d75f5c0ddd2b7f2bfff8fbf1877e34"
                    ]
                ],
                "1": [
                    [
                        {
                            "id": "test"
                        },
                        "test__mask_gm.nii.gz:md5,a840f08c5b90cb351d3272d8cab6f00c"
                    ]
                ],
                "2": [
                    [
                        {
                            "id": "test"
                        },
                        "test__mask_csf.nii.gz:md5,f22037987a38e5132ccbb2887ee71842"
                    ]
                ],
                "3": [
                    
                ],
                "4": [
                    
                ],
                "5": [
                    
                ],
                "6": [
                    
                ],
                "7": [
                    
                ],
                "8": [
                    
                ],
                "9": [
                    "versions.yml:md5,f098240b7d7f6df9a2a43215c5828669"
                ],
                "csf_map": [
                    
                ],
                "csf_mask": [
                    [
                        {
                            "id": "test"
                        },
                        "test__mask_csf.nii.gz:md5,f22037987a38e5132ccbb2887ee71842"
                    ]
                ],
                "fs_csf_mask": [
                    
                ],
                "fs_gm_mask": [
                    
                ],
                "fs_wm_mask": [
                    
                ],
                "gm_map": [
                    
                ],
                "gm_mask": [
                    [
                        {
                            "id": "test"
                        },
                        "test__mask_gm.nii.gz:md5,a840f08c5b90cb351d3272d8cab6f00c"
                    ]
                ],
                "versions": [
                    "versions.yml:md5,f098240b7d7f6df9a2a43215c5828669"
                ],
                "wm_map": [
                    
                ],
                "wm_mask": [
                    [
                        {
                            "id": "test"
                        },
                        "test__mask_wm.nii.gz:md5,98d75f5c0ddd2b7f2bfff8fbf1877e34"
                    ]
                ]
            }
        ],
        "meta": {
            "nf-test": "0.9.0-rc1",
            "nextflow": "24.04.4"
        },
        "timestamp": "2024-09-16T04:35:01.289442"
    },
    "anatomical_segmentation - both": {
        "content": [
            {
                "0": [
                    [
                        {
                            "id": "test"
                        },
                        "test__mask_wm.nii.gz:md5,98d75f5c0ddd2b7f2bfff8fbf1877e34"
                    ]
                ],
                "1": [
                    [
                        {
                            "id": "test"
                        },
                        "test__mask_gm.nii.gz:md5,a840f08c5b90cb351d3272d8cab6f00c"
                    ]
                ],
                "2": [
                    [
                        {
                            "id": "test"
                        },
                        "test__mask_csf.nii.gz:md5,f22037987a38e5132ccbb2887ee71842"
                    ]
                ],
                "3": [
                    
                ],
                "4": [
                    
                ],
                "5": [
                    
                ],
                "6": [
                    [
                        {
                            "id": "test"
                        },
                        "test__mask_wm.nii.gz:md5,0ed4a06defc512b1b898d6e0c3ef678a"
                    ]
                ],
                "7": [
                    [
                        {
                            "id": "test"
                        },
                        "test__mask_gm.nii.gz:md5,a363d6207419b08346a7c05c6525430e"
                    ]
                ],
                "8": [
                    [
                        {
                            "id": "test"
                        },
                        "test__mask_csf.nii.gz:md5,3dbcb3eefb507bedab91fb80ed636f36"
                    ]
                ],
                "9": [
                    "versions.yml:md5,18dfcb72144006d4f3e2afc759d2ee6b",
                    "versions.yml:md5,f098240b7d7f6df9a2a43215c5828669"
                ],
                "csf_map": [
                    
                ],
                "csf_mask": [
                    [
                        {
                            "id": "test"
                        },
                        "test__mask_csf.nii.gz:md5,f22037987a38e5132ccbb2887ee71842"
                    ]
                ],
                "fs_csf_mask": [
                    [
                        {
                            "id": "test"
                        },
                        "test__mask_csf.nii.gz:md5,3dbcb3eefb507bedab91fb80ed636f36"
                    ]
                ],
                "fs_gm_mask": [
                    [
                        {
                            "id": "test"
                        },
                        "test__mask_gm.nii.gz:md5,a363d6207419b08346a7c05c6525430e"
                    ]
                ],
                "fs_wm_mask": [
                    [
                        {
                            "id": "test"
                        },
                        "test__mask_wm.nii.gz:md5,0ed4a06defc512b1b898d6e0c3ef678a"
                    ]
                ],
                "gm_map": [
                    
                ],
                "gm_mask": [
                    [
                        {
                            "id": "test"
                        },
                        "test__mask_gm.nii.gz:md5,a840f08c5b90cb351d3272d8cab6f00c"
                    ]
                ],
                "versions": [
                    "versions.yml:md5,18dfcb72144006d4f3e2afc759d2ee6b",
                    "versions.yml:md5,f098240b7d7f6df9a2a43215c5828669"
                ],
                "wm_map": [
                    
                ],
                "wm_mask": [
                    [
                        {
                            "id": "test"
                        },
                        "test__mask_wm.nii.gz:md5,98d75f5c0ddd2b7f2bfff8fbf1877e34"
                    ]
                ]
            }
        ],
        "meta": {
            "nf-test": "0.9.0-rc1",
            "nextflow": "24.04.4"
        },
        "timestamp": "2024-09-16T04:51:18.273683"
    }
}